// Jest Snapshot v1, https://goo.gl/fbAQLP

exports[`<Error /> test case Render <Error /> test case correctly 1`] = `
<div>
  <div
    class="css-zn5vyk"
  >
    <img
      alt="pokemon ball"
      class="css-mh31mg"
      height="100"
      src="pokeball-broken.png"
      width="100"
    />
    <p
      class="css-1b4xw04"
    >
      Woops, something went wrong!
    </p>
  </div>
</div>
`;
